// Jest Snapshot v1, https://goo.gl/fbAQLP

exports[`it renders correctly 1`] = `
<div
  className="weatherWidget"
>
  <div
    className="container"
  >
    <div
      className="headerRectangle"
    >
      <div
        className="weatherTextBox"
      >
        Weather
      </div>
    </div>
    <div
      className="content"
    >
      <div
        className="currentWeatherBox"
      >
        <div
          className="iconContainer"
        >
          <Icon
            icon={null}
          />
        </div>
        <div
          className="description"
        >
          <div
            className="weatherNZ"
          >
             | 
            , 
          </div>
          <div
            className="temp"
          >
            °C
          </div>
          <div
            className="tempBounds"
          >
            L:
            °C | H:
            °C
          </div>
        </div>
      </div>
      <div
        className="hourlyForecast"
      />
      <div
        className="dailyForecast"
      />
    </div>
  </div>
</div>
`;
